Component: ARM Compiler 6.12 Tool: armlink [5d624300]

==============================================================================

Section Cross References

    main_ns.o(.text.main) refers to printfa.o(i.__0printf) for printf
    main_ns.o(.text.main) refers to memseta.o(.text) for __aeabi_memclr4
    main_ns.o(.text.main) refers to main_ns.o(.text.dump_hex) for dump_hex
    main_ns.o(.text.main) refers to memcpya.o(.text) for __aeabi_memcpy
    main_ns.o(.text.main) refers to main_ns.o(.rodata.str1.1) for .L.str
    main_ns.o(.ARM.exidx.text.main) refers to main_ns.o(.text.main) for [Anonymous Symbol]
    main_ns.o(.text.dump_hex) refers to printfa.o(i.__0printf) for printf
    main_ns.o(.text.dump_hex) refers to main_ns.o(.rodata.str1.1) for .L.str
    main_ns.o(.ARM.exidx.text.dump_hex) refers to main_ns.o(.text.dump_hex) for [Anonymous Symbol]
    system_m2351.o(.text.SystemCoreClockUpdate) refers to system_m2351.o(.data.PllClock) for PllClock
    system_m2351.o(.text.SystemCoreClockUpdate) refers to system_m2351.o(.data.SystemCoreClock) for SystemCoreClock
    system_m2351.o(.text.SystemCoreClockUpdate) refers to system_m2351.o(.data.CyclesPerUs) for CyclesPerUs
    system_m2351.o(.ARM.exidx.text.SystemCoreClockUpdate) refers to system_m2351.o(.text.SystemCoreClockUpdate) for [Anonymous Symbol]
    system_m2351.o(.text.SystemInit) refers to startup_m2351.o(RESET) for __Vectors
    system_m2351.o(.ARM.exidx.text.SystemInit) refers to system_m2351.o(.text.SystemInit) for [Anonymous Symbol]
    startup_m2351.o(RESET) refers to startup_m2351.o(STACK) for __initial_sp
    startup_m2351.o(RESET) refers to startup_m2351.o(.text) for Reset_Handler
    startup_m2351.o(.text) refers to system_m2351.o(.text.SystemInit) for SystemInit
    startup_m2351.o(.text) refers to entry.o(.ARM.Collect$$$$00000000) for __main
    startup_m2351.o(.text) refers to retarget.o(.text.ProcessHardFault) for ProcessHardFault
    startup_m2351.o(.text) refers to retarget.o(.text.SH_Return) for SH_Return
    retarget.o(.ARM.exidx.text.ProcessHardFault) refers to retarget.o(.text.ProcessHardFault) for [Anonymous Symbol]
    retarget.o(.ARM.exidx.text.SH_Return) refers to retarget.o(.text.SH_Return) for [Anonymous Symbol]
    retarget.o(.ARM.exidx.text.SendChar_ToUART) refers to retarget.o(.text.SendChar_ToUART) for [Anonymous Symbol]
    retarget.o(.text.SendChar) refers to retarget.o(.text.SendChar_ToUART) for SendChar_ToUART
    retarget.o(.ARM.exidx.text.SendChar) refers to retarget.o(.text.SendChar) for [Anonymous Symbol]
    retarget.o(.ARM.exidx.text.GetChar) refers to retarget.o(.text.GetChar) for [Anonymous Symbol]
    retarget.o(.ARM.exidx.text.kbhit) refers to retarget.o(.text.kbhit) for [Anonymous Symbol]
    retarget.o(.ARM.exidx.text.IsDebugFifoEmpty) refers to retarget.o(.text.IsDebugFifoEmpty) for [Anonymous Symbol]
    retarget.o(.text._ttywrch) refers to retarget.o(.text.SendChar) for SendChar
    retarget.o(.ARM.exidx.text._ttywrch) refers to retarget.o(.text._ttywrch) for [Anonymous Symbol]
    retarget.o(.text.fputc) refers to retarget.o(.text.SendChar) for SendChar
    retarget.o(.ARM.exidx.text.fputc) refers to retarget.o(.text.fputc) for [Anonymous Symbol]
    retarget.o(.text.fgetc) refers to retarget.o(.text.GetChar) for GetChar
    retarget.o(.ARM.exidx.text.fgetc) refers to retarget.o(.text.fgetc) for [Anonymous Symbol]
    retarget.o(.ARM.exidx.text.ferror) refers to retarget.o(.text.ferror) for [Anonymous Symbol]
    entry.o(.ARM.Collect$$$$00000000) refers (Special) to entry10a.o(.ARM.Collect$$$$0000000D) for __rt_final_cpp
    entry.o(.ARM.Collect$$$$00000000) refers (Special) to entry11a.o(.ARM.Collect$$$$0000000F) for __rt_final_exit
    entry.o(.ARM.Collect$$$$00000000) refers (Special) to entry7b.o(.ARM.Collect$$$$00000008) for _main_clock
    entry.o(.ARM.Collect$$$$00000000) refers (Special) to entry8b.o(.ARM.Collect$$$$0000000A) for _main_cpp_init
    entry.o(.ARM.Collect$$$$00000000) refers (Special) to entry9a.o(.ARM.Collect$$$$0000000B) for _main_init
    entry.o(.ARM.Collect$$$$00000000) refers (Special) to entry5.o(.ARM.Collect$$$$00000004) for _main_scatterload
    entry.o(.ARM.Collect$$$$00000000) refers (Special) to entry2.o(.ARM.Collect$$$$00000001) for _main_stk
    printfa.o(i.__0fprintf) refers (Special) to iusefp.o(.text) for __I$use$fp
    printfa.o(i.__0fprintf) refers to printfa.o(i._printf_core) for _printf_core
    printfa.o(i.__0fprintf) refers to retarget.o(.text.fputc) for fputc
    printfa.o(i.__0printf) refers (Special) to iusefp.o(.text) for __I$use$fp
    printfa.o(i.__0printf) refers to printfa.o(i._printf_core) for _printf_core
    printfa.o(i.__0printf) refers to retarget.o(.text.fputc) for fputc
    printfa.o(i.__0printf) refers to retarget.o(.bss.__stdout) for __stdout
    printfa.o(i.__0snprintf) refers (Special) to iusefp.o(.text) for __I$use$fp
    printfa.o(i.__0snprintf) refers to printfa.o(i._printf_core) for _printf_core
    printfa.o(i.__0snprintf) refers to printfa.o(i._snputc) for _snputc
    printfa.o(i.__0sprintf) refers (Special) to iusefp.o(.text) for __I$use$fp
    printfa.o(i.__0sprintf) refers to printfa.o(i._printf_core) for _printf_core
    printfa.o(i.__0sprintf) refers to printfa.o(i._sputc) for _sputc
    printfa.o(i.__0vfprintf) refers (Special) to iusefp.o(.text) for __I$use$fp
    printfa.o(i.__0vfprintf) refers to printfa.o(i._printf_core) for _printf_core
    printfa.o(i.__0vfprintf) refers to retarget.o(.text.fputc) for fputc
    printfa.o(i.__0vprintf) refers (Special) to iusefp.o(.text) for __I$use$fp
    printfa.o(i.__0vprintf) refers to printfa.o(i._printf_core) for _printf_core
    printfa.o(i.__0vprintf) refers to retarget.o(.text.fputc) for fputc
    printfa.o(i.__0vprintf) refers to retarget.o(.bss.__stdout) for __stdout
    printfa.o(i.__0vsnprintf) refers (Special) to iusefp.o(.text) for __I$use$fp
    printfa.o(i.__0vsnprintf) refers to printfa.o(i._printf_core) for _printf_core
    printfa.o(i.__0vsnprintf) refers to printfa.o(i._snputc) for _snputc
    printfa.o(i.__0vsprintf) refers (Special) to iusefp.o(.text) for __I$use$fp
    printfa.o(i.__0vsprintf) refers to printfa.o(i._printf_core) for _printf_core
    printfa.o(i.__0vsprintf) refers to printfa.o(i._sputc) for _sputc
    printfa.o(i._fp_digits) refers (Special) to iusefp.o(.text) for __I$use$fp
    printfa.o(i._fp_digits) refers to dmul.o(.text) for __aeabi_dmul
    printfa.o(i._fp_digits) refers to ddiv.o(.text) for __aeabi_ddiv
    printfa.o(i._fp_digits) refers to cdrcmple.o(.text) for __aeabi_cdrcmple
    printfa.o(i._fp_digits) refers to dadd.o(.text) for __aeabi_dadd
    printfa.o(i._fp_digits) refers to dfixul.o(.text) for __aeabi_d2ulz
    printfa.o(i._fp_digits) refers to uldiv.o(.text) for __aeabi_uldivmod
    printfa.o(i._printf_core) refers (Special) to iusefp.o(.text) for __I$use$fp
    printfa.o(i._printf_core) refers to printfa.o(i._printf_pre_padding) for _printf_pre_padding
    printfa.o(i._printf_core) refers to uldiv.o(.text) for __aeabi_uldivmod
    printfa.o(i._printf_core) refers to printfa.o(i._printf_post_padding) for _printf_post_padding
    printfa.o(i._printf_core) refers to printfa.o(i._fp_digits) for _fp_digits
    printfa.o(i._printf_core) refers to uidiv.o(.text) for __aeabi_uidivmod
    printfa.o(i._printf_post_padding) refers (Special) to iusefp.o(.text) for __I$use$fp
    printfa.o(i._printf_pre_padding) refers (Special) to iusefp.o(.text) for __I$use$fp
    printfa.o(i._snputc) refers (Special) to iusefp.o(.text) for __I$use$fp
    printfa.o(i._sputc) refers (Special) to iusefp.o(.text) for __I$use$fp
    entry2.o(.ARM.Collect$$$$00000001) refers to entry2.o(.ARM.Collect$$$$00002712) for __lit__00000000
    entry2.o(.ARM.Collect$$$$00002712) refers to startup_m2351.o(STACK) for __initial_sp
    entry2.o(__vectab_stack_and_reset_area) refers to startup_m2351.o(STACK) for __initial_sp
    entry2.o(__vectab_stack_and_reset_area) refers to entry.o(.ARM.Collect$$$$00000000) for __main
    entry5.o(.ARM.Collect$$$$00000004) refers to init.o(.text) for __scatterload
    entry9a.o(.ARM.Collect$$$$0000000B) refers to main_ns.o(.text.main) for main
    entry9b.o(.ARM.Collect$$$$0000000C) refers to main_ns.o(.text.main) for main
    uldiv.o(.text) refers to llushr.o(.text) for __aeabi_llsr
    uldiv.o(.text) refers to llshl.o(.text) for __aeabi_llsl
    dadd.o(.text) refers (Special) to iusefp.o(.text) for __I$use$fp
    dadd.o(.text) refers to llshl.o(.text) for __aeabi_llsl
    dadd.o(.text) refers to llsshr.o(.text) for __aeabi_lasr
    dadd.o(.text) refers to depilogue.o(.text) for _double_epilogue
    dmul.o(.text) refers (Special) to iusefp.o(.text) for __I$use$fp
    dmul.o(.text) refers to depilogue.o(.text) for _double_epilogue
    ddiv.o(.text) refers (Special) to iusefp.o(.text) for __I$use$fp
    ddiv.o(.text) refers to depilogue.o(.text) for _double_round
    dfixul.o(.text) refers (Special) to iusefp.o(.text) for __I$use$fp
    dfixul.o(.text) refers to llushr.o(.text) for __aeabi_llsr
    dfixul.o(.text) refers to llshl.o(.text) for __aeabi_llsl
    cdrcmple.o(.text) refers (Special) to iusefp.o(.text) for __I$use$fp
    init.o(.text) refers to entry5.o(.ARM.Collect$$$$00000004) for __main_after_scatterload
    depilogue.o(.text) refers (Special) to iusefp.o(.text) for __I$use$fp
    depilogue.o(.text) refers to depilogue.o(i.__ARM_clz) for __ARM_clz
    depilogue.o(.text) refers to llshl.o(.text) for __aeabi_llsl
    depilogue.o(.text) refers to llushr.o(.text) for __aeabi_llsr
    depilogue.o(i.__ARM_clz) refers (Special) to iusefp.o(.text) for __I$use$fp


==============================================================================

Removing Unused input sections from the image.

    Removing main_ns.o(.text), (0 bytes).
    Removing main_ns.o(.ARM.exidx.text.main), (8 bytes).
    Removing main_ns.o(.ARM.exidx.text.dump_hex), (8 bytes).
    Removing main_ns.o(.rodata.str1.4), (16 bytes).
    Removing main_ns.o(.rodata.cst16), (16 bytes).
    Removing system_m2351.o(.text), (0 bytes).
    Removing system_m2351.o(.text.SystemCoreClockUpdate), (56 bytes).
    Removing system_m2351.o(.ARM.exidx.text.SystemCoreClockUpdate), (8 bytes).
    Removing system_m2351.o(.ARM.exidx.text.SystemInit), (8 bytes).
    Removing system_m2351.o(.data.SystemCoreClock), (4 bytes).
    Removing system_m2351.o(.data.CyclesPerUs), (4 bytes).
    Removing system_m2351.o(.data.PllClock), (4 bytes).
    Removing system_m2351.o(.rodata.gau32ClkSrcTbl), (32 bytes).
    Removing startup_m2351.o(HEAP), (0 bytes).
    Removing retarget.o(.text), (0 bytes).
    Removing retarget.o(.ARM.exidx.text.ProcessHardFault), (8 bytes).
    Removing retarget.o(.ARM.exidx.text.SH_Return), (8 bytes).
    Removing retarget.o(.ARM.exidx.text.SendChar_ToUART), (8 bytes).
    Removing retarget.o(.ARM.exidx.text.SendChar), (8 bytes).
    Removing retarget.o(.text.GetChar), (32 bytes).
    Removing retarget.o(.ARM.exidx.text.GetChar), (8 bytes).
    Removing retarget.o(.text.kbhit), (20 bytes).
    Removing retarget.o(.ARM.exidx.text.kbhit), (8 bytes).
    Removing retarget.o(.text.IsDebugFifoEmpty), (20 bytes).
    Removing retarget.o(.ARM.exidx.text.IsDebugFifoEmpty), (8 bytes).
    Removing retarget.o(.text._ttywrch), (20 bytes).
    Removing retarget.o(.ARM.exidx.text._ttywrch), (8 bytes).
    Removing retarget.o(.ARM.exidx.text.fputc), (8 bytes).
    Removing retarget.o(.text.fgetc), (18 bytes).
    Removing retarget.o(.ARM.exidx.text.fgetc), (8 bytes).
    Removing retarget.o(.text.ferror), (16 bytes).
    Removing retarget.o(.ARM.exidx.text.ferror), (8 bytes).
    Removing retarget.o(.bss.__stdin), (84 bytes).

33 unused section(s) (total 462 bytes) removed from the image.

==============================================================================

Adding Veneers to the image

    Adding TT veneer (12 bytes, Long) for call to 'crypto_hash_call' from main_ns.o(.text.main).
    Adding TT veneer (12 bytes, Long) for call to 'crypto_symmetric_call' from main_ns.o(.text.main).
    Adding TT veneer (12 bytes, Long) for call to 'crypto_ecc_genKey_call' from main_ns.o(.text.main).
    Adding TT veneer (12 bytes, Long) for call to 'crypto_ecc_sign_init_call' from main_ns.o(.text.main).
    Adding TT veneer (12 bytes, Long) for call to 'crypto_ecc_sign_call' from main_ns.o(.text.main).
    Adding TT veneer (12 bytes, Long) for call to 'crypto_ecc_verify_call' from main_ns.o(.text.main).

6 Veneer(s) (total 72 bytes) added to the image.

==============================================================================

Image Symbol Table

    Local Symbols

    Symbol Name                              Value     Ov Type        Size  Object(Section)

    ../clib/microlib/division.c              0x00000000   Number         0  uidiv.o ABSOLUTE
    ../clib/microlib/division.c              0x00000000   Number         0  uldiv.o ABSOLUTE
    ../clib/microlib/init/entry.s            0x00000000   Number         0  entry.o ABSOLUTE
    ../clib/microlib/init/entry.s            0x00000000   Number         0  entry2.o ABSOLUTE
    ../clib/microlib/init/entry.s            0x00000000   Number         0  entry5.o ABSOLUTE
    ../clib/microlib/init/entry.s            0x00000000   Number         0  entry7a.o ABSOLUTE
    ../clib/microlib/init/entry.s            0x00000000   Number         0  entry7b.o ABSOLUTE
    ../clib/microlib/init/entry.s            0x00000000   Number         0  entry8a.o ABSOLUTE
    ../clib/microlib/init/entry.s            0x00000000   Number         0  entry8b.o ABSOLUTE
    ../clib/microlib/init/entry.s            0x00000000   Number         0  entry9a.o ABSOLUTE
    ../clib/microlib/init/entry.s            0x00000000   Number         0  entry9b.o ABSOLUTE
    ../clib/microlib/init/entry.s            0x00000000   Number         0  entry10a.o ABSOLUTE
    ../clib/microlib/init/entry.s            0x00000000   Number         0  entry10b.o ABSOLUTE
    ../clib/microlib/init/entry.s            0x00000000   Number         0  entry11a.o ABSOLUTE
    ../clib/microlib/init/entry.s            0x00000000   Number         0  entry11b.o ABSOLUTE
    ../clib/microlib/longlong.c              0x00000000   Number         0  llshl.o ABSOLUTE
    ../clib/microlib/longlong.c              0x00000000   Number         0  llushr.o ABSOLUTE
    ../clib/microlib/longlong.c              0x00000000   Number         0  llsshr.o ABSOLUTE
    ../clib/microlib/printf/printf.c         0x00000000   Number         0  printfa.o ABSOLUTE
    ../clib/microlib/string/memcpy.c         0x00000000   Number         0  memcpya.o ABSOLUTE
    ../clib/microlib/string/memcpy.c         0x00000000   Number         0  memcpyb.o ABSOLUTE
    ../clib/microlib/string/memset.c         0x00000000   Number         0  memseta.o ABSOLUTE
    ../clib/microlib/stubs.s                 0x00000000   Number         0  iusefp.o ABSOLUTE
    ../fplib/microlib/fpadd.c                0x00000000   Number         0  dadd.o ABSOLUTE
    ../fplib/microlib/fpdiv.c                0x00000000   Number         0  ddiv.o ABSOLUTE
    ../fplib/microlib/fpepilogue.c           0x00000000   Number         0  depilogue.o ABSOLUTE
    ../fplib/microlib/fpfix.c                0x00000000   Number         0  dfixul.o ABSOLUTE
    ../fplib/microlib/fpmul.c                0x00000000   Number         0  dmul.o ABSOLUTE
    ..\..\..\..\..\Library\Device\Nuvoton\M2351\Source\ARM\startup_M2351.s 0x00000000   Number         0  startup_m2351.o ABSOLUTE
    cdrcmple.s                               0x00000000   Number         0  cdrcmple.o ABSOLUTE
    dc.s                                     0x00000000   Number         0  dc.o ABSOLUTE
    handlers.s                               0x00000000   Number         0  handlers.o ABSOLUTE
    init.s                                   0x00000000   Number         0  init.o ABSOLUTE
    main_ns.c                                0x00000000   Number         0  main_ns.o ABSOLUTE
    retarget.c                               0x00000000   Number         0  retarget.o ABSOLUTE
    system_M2351.c                           0x00000000   Number         0  system_m2351.o ABSOLUTE
    RESET                                    0x10040000   Section      472  startup_m2351.o(RESET)
    .ARM.Collect$$$$00000000                 0x100401d8   Section        0  entry.o(.ARM.Collect$$$$00000000)
    .ARM.Collect$$$$00000001                 0x100401d8   Section        4  entry2.o(.ARM.Collect$$$$00000001)
    .ARM.Collect$$$$00000004                 0x100401dc   Section        4  entry5.o(.ARM.Collect$$$$00000004)
    .ARM.Collect$$$$00000008                 0x100401e0   Section        0  entry7b.o(.ARM.Collect$$$$00000008)
    .ARM.Collect$$$$0000000A                 0x100401e0   Section        0  entry8b.o(.ARM.Collect$$$$0000000A)
    .ARM.Collect$$$$0000000B                 0x100401e0   Section        8  entry9a.o(.ARM.Collect$$$$0000000B)
    __lit__00000000                          0x100401e8   Data           4  entry2.o(.ARM.Collect$$$$00002712)
    .ARM.Collect$$$$0000000D                 0x100401e8   Section        0  entry10a.o(.ARM.Collect$$$$0000000D)
    .ARM.Collect$$$$0000000F                 0x100401e8   Section        0  entry11a.o(.ARM.Collect$$$$0000000F)
    .ARM.Collect$$$$00002712                 0x100401e8   Section        4  entry2.o(.ARM.Collect$$$$00002712)
    .text                                    0x100401ec   Section       68  startup_m2351.o(.text)
    .text                                    0x10040230   Section        0  memcpya.o(.text)
    .text                                    0x10040254   Section        0  memseta.o(.text)
    .text                                    0x10040278   Section        0  uidiv.o(.text)
    .text                                    0x100402a4   Section        0  uldiv.o(.text)
    .text                                    0x10040304   Section        0  iusefp.o(.text)
    .text                                    0x10040304   Section        0  dadd.o(.text)
    .text                                    0x10040468   Section        0  dmul.o(.text)
    .text                                    0x10040538   Section        0  ddiv.o(.text)
    .text                                    0x10040628   Section        0  dfixul.o(.text)
    .text                                    0x10040668   Section       40  cdrcmple.o(.text)
    .text                                    0x10040690   Section       36  init.o(.text)
    .text                                    0x100406b4   Section        0  llshl.o(.text)
    .text                                    0x100406d4   Section        0  llushr.o(.text)
    .text                                    0x100406f6   Section        0  llsshr.o(.text)
    .text                                    0x1004071c   Section        0  depilogue.o(.text)
    [Anonymous Symbol]                       0x100407da   Section        0  retarget.o(.text.ProcessHardFault)
    [Anonymous Symbol]                       0x1004082e   Section        0  retarget.o(.text.SH_Return)
    [Anonymous Symbol]                       0x1004084a   Section        0  retarget.o(.text.SendChar)
    [Anonymous Symbol]                       0x10040860   Section        0  retarget.o(.text.SendChar_ToUART)
    __arm_cp.2_0                             0x100408a4   Number         4  retarget.o(.text.SendChar_ToUART)
    __arm_cp.2_1                             0x100408a8   Number         4  retarget.o(.text.SendChar_ToUART)
    [Anonymous Symbol]                       0x100408ac   Section        0  system_m2351.o(.text.SystemInit)
    __arm_cp.1_0                             0x100408b4   Number         4  system_m2351.o(.text.SystemInit)
    __arm_cp.1_1                             0x100408b8   Number         4  system_m2351.o(.text.SystemInit)
    [Anonymous Symbol]                       0x100408bc   Section        0  main_ns.o(.text.dump_hex)
    __arm_cp.1_1                             0x10040900   Number         4  main_ns.o(.text.dump_hex)
    [Anonymous Symbol]                       0x10040904   Section        0  retarget.o(.text.fputc)
    [Anonymous Symbol]                       0x10040920   Section        0  main_ns.o(.text.main)
    __arm_cp.0_0                             0x10040c48   Number         4  main_ns.o(.text.main)
    __arm_cp.0_1                             0x10040c4c   Number         4  main_ns.o(.text.main)
    __arm_cp.0_2                             0x10040c50   Number         4  main_ns.o(.text.main)
    __arm_cp.0_3                             0x10040c54   Number         4  main_ns.o(.text.main)
    __arm_cp.0_4                             0x10040c58   Number         4  main_ns.o(.text.main)
    __arm_cp.0_5                             0x10040c5c   Number         4  main_ns.o(.text.main)
    __arm_cp.0_6                             0x10040c60   Number         4  main_ns.o(.text.main)
    __arm_cp.0_7                             0x10040c64   Number         4  main_ns.o(.text.main)
    __arm_cp.0_8                             0x10040c68   Number         4  main_ns.o(.text.main)
    __arm_cp.0_9                             0x10040c6c   Number         4  main_ns.o(.text.main)
    __arm_cp.0_10                            0x10040c70   Number         4  main_ns.o(.text.main)
    __arm_cp.0_11                            0x10040c74   Number         4  main_ns.o(.text.main)
    __arm_cp.0_12                            0x10040c78   Number         4  main_ns.o(.text.main)
    __arm_cp.0_13                            0x10040c7c   Number         4  main_ns.o(.text.main)
    __arm_cp.0_14                            0x10040c80   Number         4  main_ns.o(.text.main)
    __arm_cp.0_15                            0x10040c84   Number         4  main_ns.o(.text.main)
    __arm_cp.0_16                            0x10040c88   Number         4  main_ns.o(.text.main)
    __arm_cp.0_17                            0x10040c8c   Number         4  main_ns.o(.text.main)
    __arm_cp.0_18                            0x10040c90   Number         4  main_ns.o(.text.main)
    __arm_cp.0_19                            0x10040c94   Number         4  main_ns.o(.text.main)
    __arm_cp.0_20                            0x10040c98   Number         4  main_ns.o(.text.main)
    __arm_cp.0_21                            0x10040c9c   Number         4  main_ns.o(.text.main)
    __arm_cp.0_22                            0x10040ca0   Number         4  main_ns.o(.text.main)
    __arm_cp.0_23                            0x10040ca4   Number         4  main_ns.o(.text.main)
    __arm_cp.0_24                            0x10040ca8   Number         4  main_ns.o(.text.main)
    __arm_cp.0_25                            0x10040cac   Number         4  main_ns.o(.text.main)
    __arm_cp.0_26                            0x10040cb0   Number         4  main_ns.o(.text.main)
    __arm_cp.0_27                            0x10040cb4   Number         4  main_ns.o(.text.main)
    __arm_cp.0_28                            0x10040cb8   Number         4  main_ns.o(.text.main)
    __arm_cp.0_29                            0x10040cbc   Number         4  main_ns.o(.text.main)
    __arm_cp.0_30                            0x10040cc0   Number         4  main_ns.o(.text.main)
    __arm_cp.0_31                            0x10040cc4   Number         4  main_ns.o(.text.main)
    __arm_cp.0_32                            0x10040cc8   Number         4  main_ns.o(.text.main)
    __arm_cp.0_33                            0x10040ccc   Number         4  main_ns.o(.text.main)
    __arm_cp.0_34                            0x10040cd0   Number         4  main_ns.o(.text.main)
    __arm_cp.0_35                            0x10040cd4   Number         4  main_ns.o(.text.main)
    __arm_cp.0_36                            0x10040cd8   Number         4  main_ns.o(.text.main)
    __arm_cp.0_37                            0x10040cdc   Number         4  main_ns.o(.text.main)
    __arm_cp.0_38                            0x10040ce0   Number         4  main_ns.o(.text.main)
    __arm_cp.0_39                            0x10040ce4   Number         4  main_ns.o(.text.main)
    __arm_cp.0_40                            0x10040ce8   Number         4  main_ns.o(.text.main)
    __arm_cp.0_41                            0x10040cec   Number         4  main_ns.o(.text.main)
    __arm_cp.0_42                            0x10040cf0   Number         4  main_ns.o(.text.main)
    __arm_cp.0_43                            0x10040cf4   Number         4  main_ns.o(.text.main)
    __arm_cp.0_44                            0x10040cf8   Number         4  main_ns.o(.text.main)
    __arm_cp.0_45                            0x10040cfc   Number         4  main_ns.o(.text.main)
    __arm_cp.0_46                            0x10040d00   Number         4  main_ns.o(.text.main)
    __arm_cp.0_47                            0x10040d04   Number         4  main_ns.o(.text.main)
    __arm_cp.0_48                            0x10040d08   Number         4  main_ns.o(.text.main)
    i.__0printf                              0x10040d54   Section        0  printfa.o(i.__0printf)
    i.__ARM_clz                              0x10040d74   Section        0  depilogue.o(i.__ARM_clz)
    i.__scatterload_copy                     0x10040da2   Section       14  handlers.o(i.__scatterload_copy)
    i.__scatterload_null                     0x10040db0   Section        2  handlers.o(i.__scatterload_null)
    i.__scatterload_zeroinit                 0x10040db2   Section       14  handlers.o(i.__scatterload_zeroinit)
    _fp_digits                               0x10040dc1   Thumb Code   344  printfa.o(i._fp_digits)
    i._fp_digits                             0x10040dc0   Section        0  printfa.o(i._fp_digits)
    _printf_core                             0x10040f35   Thumb Code  1754  printfa.o(i._printf_core)
    i._printf_core                           0x10040f34   Section        0  printfa.o(i._printf_core)
    _printf_post_padding                     0x10041621   Thumb Code    32  printfa.o(i._printf_post_padding)
    i._printf_post_padding                   0x10041620   Section        0  printfa.o(i._printf_post_padding)
    _printf_pre_padding                      0x10041641   Thumb Code    44  printfa.o(i._printf_pre_padding)
    i._printf_pre_padding                    0x10041640   Section        0  printfa.o(i._printf_pre_padding)
    .L.str.19                                0x1004166c   Data          41  main_ns.o(.rodata.str1.1)
    [Anonymous Symbol]                       0x1004166c   Section        0  main_ns.o(.rodata.str1.1)
    .L.str.1                                 0x10041695   Data          49  main_ns.o(.rodata.str1.1)
    .L.str.20                                0x100416c6   Data          44  main_ns.o(.rodata.str1.1)
    .L.str.18                                0x100416f2   Data          34  main_ns.o(.rodata.str1.1)
    .L.str.14                                0x10041714   Data          31  main_ns.o(.rodata.str1.1)
    .L.str.13                                0x10041733   Data          27  main_ns.o(.rodata.str1.1)
    .L.str.3                                 0x1004174e   Data          11  main_ns.o(.rodata.str1.1)
    .L.str.11                                0x10041759   Data          18  main_ns.o(.rodata.str1.1)
    .L.str.12                                0x1004176b   Data          18  main_ns.o(.rodata.str1.1)
    .L.str.16                                0x1004177d   Data          14  main_ns.o(.rodata.str1.1)
    .L.str.17                                0x1004178b   Data          14  main_ns.o(.rodata.str1.1)
    .L.str.15                                0x10041799   Data          14  main_ns.o(.rodata.str1.1)
    .L.str.10                                0x100417a7   Data          18  main_ns.o(.rodata.str1.1)
    .L.str.2                                 0x100417b9   Data          49  main_ns.o(.rodata.str1.1)
    .L.str.5                                 0x100417ea   Data          49  main_ns.o(.rodata.str1.1)
    .L.str.9                                 0x1004181b   Data          49  main_ns.o(.rodata.str1.1)
    .L.str                                   0x1004184a   Data           2  main_ns.o(.rodata.str1.1)
    .L.str.8                                 0x1004184c   Data           6  main_ns.o(.rodata.str1.1)
    .L.str.7                                 0x10041852   Data           6  main_ns.o(.rodata.str1.1)
    .L.str.6                                 0x10041858   Data           8  main_ns.o(.rodata.str1.1)
    .L.str.4                                 0x10041860   Data           9  main_ns.o(.rodata.str1.1)
    .L__const.main.msg                       0x10041869   Data          25  main_ns.o(.rodata.str1.1)
    .L.str.21                                0x10041882   Data           5  main_ns.o(.rodata.str1.1)
    STACK                                    0x30010058   Section     2048  startup_m2351.o(STACK)

    Global Symbols

    Symbol Name                              Value     Ov Type        Size  Object(Section)

    BuildAttributes$$THM_ISAv3M$S$8M$PE$A:L22$X:L11$S22$IEEE1$IW$~IW$USESV6$~STKCKD$USESV7$WCHAR32$ENUMINT$~SHL$OSPACE$ROPI$EBA8$MICROLIB$REQ8$PRES8$EABIv2 0x00000000   Number         0  anon$$obj.o ABSOLUTE
    __cpp_initialize__aeabi_                  - Undefined Weak Reference
    __cxa_finalize                            - Undefined Weak Reference
    __decompress                              - Undefined Weak Reference
    _clock_init                               - Undefined Weak Reference
    _microlib_exit                            - Undefined Weak Reference
    __Vectors_Size                           0x000001d8   Number         0  startup_m2351.o ABSOLUTE
    crypto_ecc_genKey_call                   0x0003f001   Thumb Code     8  nsclib.o ABSOLUTE
    crypto_ecc_sign_call                     0x0003f009   Thumb Code     8  nsclib.o ABSOLUTE
    crypto_ecc_sign_init_call                0x0003f011   Thumb Code     8  nsclib.o ABSOLUTE
    crypto_ecc_verify_call                   0x0003f019   Thumb Code     8  nsclib.o ABSOLUTE
    crypto_hash_call                         0x0003f021   Thumb Code     8  nsclib.o ABSOLUTE
    crypto_symmetric_call                    0x0003f029   Thumb Code     8  nsclib.o ABSOLUTE
    CLK_GetCPUFreq                           0x0003f031   Thumb Code     8  nsclib.o ABSOLUTE
    CLK_GetHCLKFreq                          0x0003f039   Thumb Code     8  nsclib.o ABSOLUTE
    CLK_GetHXTFreq                           0x0003f041   Thumb Code     8  nsclib.o ABSOLUTE
    CLK_GetLXTFreq                           0x0003f049   Thumb Code     8  nsclib.o ABSOLUTE
    CLK_GetModuleClockDivider                0x0003f051   Thumb Code     8  nsclib.o ABSOLUTE
    CLK_GetModuleClockSource                 0x0003f059   Thumb Code     8  nsclib.o ABSOLUTE
    CLK_GetPCLK0Freq                         0x0003f061   Thumb Code     8  nsclib.o ABSOLUTE
    CLK_GetPCLK1Freq                         0x0003f069   Thumb Code     8  nsclib.o ABSOLUTE
    CLK_GetPLLClockFreq                      0x0003f071   Thumb Code     8  nsclib.o ABSOLUTE
    __Vectors                                0x10040000   Data           4  startup_m2351.o(RESET)
    __Vectors_End                            0x100401d8   Data           0  startup_m2351.o(RESET)
    __main                                   0x100401d9   Thumb Code     0  entry.o(.ARM.Collect$$$$00000000)
    _main_stk                                0x100401d9   Thumb Code     0  entry2.o(.ARM.Collect$$$$00000001)
    _main_scatterload                        0x100401dd   Thumb Code     0  entry5.o(.ARM.Collect$$$$00000004)
    __main_after_scatterload                 0x100401e1   Thumb Code     0  entry5.o(.ARM.Collect$$$$00000004)
    _main_clock                              0x100401e1   Thumb Code     0  entry7b.o(.ARM.Collect$$$$00000008)
    _main_cpp_init                           0x100401e1   Thumb Code     0  entry8b.o(.ARM.Collect$$$$0000000A)
    _main_init                               0x100401e1   Thumb Code     0  entry9a.o(.ARM.Collect$$$$0000000B)
    __rt_final_cpp                           0x100401e9   Thumb Code     0  entry10a.o(.ARM.Collect$$$$0000000D)
    __rt_final_exit                          0x100401e9   Thumb Code     0  entry11a.o(.ARM.Collect$$$$0000000F)
    Reset_Handler                            0x100401ed   Thumb Code     8  startup_m2351.o(.text)
    NMI_Handler                              0x100401f5   Thumb Code     2  startup_m2351.o(.text)
    HardFault_Handler                        0x100401f7   Thumb Code    16  startup_m2351.o(.text)
    ProcessHardFaultx                        0x10040207   Thumb Code     2  startup_m2351.o(.text)
    SVC_Handler                              0x10040209   Thumb Code     2  startup_m2351.o(.text)
    PendSV_Handler                           0x1004020b   Thumb Code     2  startup_m2351.o(.text)
    SysTick_Handler                          0x1004020d   Thumb Code     2  startup_m2351.o(.text)
    ACMP01_IRQHandler                        0x1004020f   Thumb Code     0  startup_m2351.o(.text)
    BOD_IRQHandler                           0x1004020f   Thumb Code     0  startup_m2351.o(.text)
    BPWM0_IRQHandler                         0x1004020f   Thumb Code     0  startup_m2351.o(.text)
    BPWM1_IRQHandler                         0x1004020f   Thumb Code     0  startup_m2351.o(.text)
    BRAKE0_IRQHandler                        0x1004020f   Thumb Code     0  startup_m2351.o(.text)
    BRAKE1_IRQHandler                        0x1004020f   Thumb Code     0  startup_m2351.o(.text)
    CAN0_IRQHandler                          0x1004020f   Thumb Code     0  startup_m2351.o(.text)
    CAN1_IRQHandler                          0x1004020f   Thumb Code     0  startup_m2351.o(.text)
    CLKFAIL_IRQHandler                       0x1004020f   Thumb Code     0  startup_m2351.o(.text)
    CRPT_IRQHandler                          0x1004020f   Thumb Code     0  startup_m2351.o(.text)
    DAC_IRQHandler                           0x1004020f   Thumb Code     0  startup_m2351.o(.text)
    DEFAULT_IRQHandler                       0x1004020f   Thumb Code     0  startup_m2351.o(.text)
    EADC0_IRQHandler                         0x1004020f   Thumb Code     0  startup_m2351.o(.text)
    EADC1_IRQHandler                         0x1004020f   Thumb Code     0  startup_m2351.o(.text)
    EADC2_IRQHandler                         0x1004020f   Thumb Code     0  startup_m2351.o(.text)
    EADC3_IRQHandler                         0x1004020f   Thumb Code     0  startup_m2351.o(.text)
    ECAP0_IRQHandler                         0x1004020f   Thumb Code     0  startup_m2351.o(.text)
    ECAP1_IRQHandler                         0x1004020f   Thumb Code     0  startup_m2351.o(.text)
    EINT0_IRQHandler                         0x1004020f   Thumb Code     0  startup_m2351.o(.text)
    EINT1_IRQHandler                         0x1004020f   Thumb Code     0  startup_m2351.o(.text)
    EINT2_IRQHandler                         0x1004020f   Thumb Code     0  startup_m2351.o(.text)
    EINT3_IRQHandler                         0x1004020f   Thumb Code     0  startup_m2351.o(.text)
    EINT4_IRQHandler                         0x1004020f   Thumb Code     0  startup_m2351.o(.text)
    EINT5_IRQHandler                         0x1004020f   Thumb Code     0  startup_m2351.o(.text)
    EINT6_IRQHandler                         0x1004020f   Thumb Code     0  startup_m2351.o(.text)
    EINT7_IRQHandler                         0x1004020f   Thumb Code     0  startup_m2351.o(.text)
    EPWM0_P0_IRQHandler                      0x1004020f   Thumb Code     0  startup_m2351.o(.text)
    EPWM0_P1_IRQHandler                      0x1004020f   Thumb Code     0  startup_m2351.o(.text)
    EPWM0_P2_IRQHandler                      0x1004020f   Thumb Code     0  startup_m2351.o(.text)
    EPWM1_P0_IRQHandler                      0x1004020f   Thumb Code     0  startup_m2351.o(.text)
    EPWM1_P1_IRQHandler                      0x1004020f   Thumb Code     0  startup_m2351.o(.text)
    EPWM1_P2_IRQHandler                      0x1004020f   Thumb Code     0  startup_m2351.o(.text)
    GPA_IRQHandler                           0x1004020f   Thumb Code     0  startup_m2351.o(.text)
    GPB_IRQHandler                           0x1004020f   Thumb Code     0  startup_m2351.o(.text)
    GPC_IRQHandler                           0x1004020f   Thumb Code     0  startup_m2351.o(.text)
    GPD_IRQHandler                           0x1004020f   Thumb Code     0  startup_m2351.o(.text)
    GPE_IRQHandler                           0x1004020f   Thumb Code     0  startup_m2351.o(.text)
    GPF_IRQHandler                           0x1004020f   Thumb Code     0  startup_m2351.o(.text)
    GPG_IRQHandler                           0x1004020f   Thumb Code     0  startup_m2351.o(.text)
    GPH_IRQHandler                           0x1004020f   Thumb Code     0  startup_m2351.o(.text)
    I2C0_IRQHandler                          0x1004020f   Thumb Code     0  startup_m2351.o(.text)
    I2C1_IRQHandler                          0x1004020f   Thumb Code     0  startup_m2351.o(.text)
    I2C2_IRQHandler                          0x1004020f   Thumb Code     0  startup_m2351.o(.text)
    I2S0_IRQHandler                          0x1004020f   Thumb Code     0  startup_m2351.o(.text)
    IRC_IRQHandler                           0x1004020f   Thumb Code     0  startup_m2351.o(.text)
    OPA0_IRQHandler                          0x1004020f   Thumb Code     0  startup_m2351.o(.text)
    PDMA0_IRQHandler                         0x1004020f   Thumb Code     0  startup_m2351.o(.text)
    PDMA1_IRQHandler                         0x1004020f   Thumb Code     0  startup_m2351.o(.text)
    PWRWU_IRQHandler                         0x1004020f   Thumb Code     0  startup_m2351.o(.text)
    QEI0_IRQHandler                          0x1004020f   Thumb Code     0  startup_m2351.o(.text)
    QEI1_IRQHandler                          0x1004020f   Thumb Code     0  startup_m2351.o(.text)
    QSPI0_IRQHandler                         0x1004020f   Thumb Code     0  startup_m2351.o(.text)
    RTC_IRQHandler                           0x1004020f   Thumb Code     0  startup_m2351.o(.text)
    SC0_IRQHandler                           0x1004020f   Thumb Code     0  startup_m2351.o(.text)
    SC1_IRQHandler                           0x1004020f   Thumb Code     0  startup_m2351.o(.text)
    SC2_IRQHandler                           0x1004020f   Thumb Code     0  startup_m2351.o(.text)
    SC3_IRQHandler                           0x1004020f   Thumb Code     0  startup_m2351.o(.text)
    SCU_IRQHandler                           0x1004020f   Thumb Code     0  startup_m2351.o(.text)
    SDH0_IRQHandler                          0x1004020f   Thumb Code     0  startup_m2351.o(.text)
    SDH1_IRQHandler                          0x1004020f   Thumb Code     0  startup_m2351.o(.text)
    SPI0_IRQHandler                          0x1004020f   Thumb Code     0  startup_m2351.o(.text)
    SPI1_IRQHandler                          0x1004020f   Thumb Code     0  startup_m2351.o(.text)
    SPI2_IRQHandler                          0x1004020f   Thumb Code     0  startup_m2351.o(.text)
    SPI3_IRQHandler                          0x1004020f   Thumb Code     0  startup_m2351.o(.text)
    SRAM_IRQHandler                          0x1004020f   Thumb Code     0  startup_m2351.o(.text)
    TAMPER_IRQHandler                        0x1004020f   Thumb Code     0  startup_m2351.o(.text)
    TMR0_IRQHandler                          0x1004020f   Thumb Code     0  startup_m2351.o(.text)
    TMR1_IRQHandler                          0x1004020f   Thumb Code     0  startup_m2351.o(.text)
    TMR2_IRQHandler                          0x1004020f   Thumb Code     0  startup_m2351.o(.text)
    TMR3_IRQHandler                          0x1004020f   Thumb Code     0  startup_m2351.o(.text)
    TRNG_IRQHandler                          0x1004020f   Thumb Code     0  startup_m2351.o(.text)
    UART0_IRQHandler                         0x1004020f   Thumb Code     0  startup_m2351.o(.text)
    UART1_IRQHandler                         0x1004020f   Thumb Code     0  startup_m2351.o(.text)
    UART2_IRQHandler                         0x1004020f   Thumb Code     0  startup_m2351.o(.text)
    UART3_IRQHandler                         0x1004020f   Thumb Code     0  startup_m2351.o(.text)
    UART4_IRQHandler                         0x1004020f   Thumb Code     0  startup_m2351.o(.text)
    UART5_IRQHandler                         0x1004020f   Thumb Code     0  startup_m2351.o(.text)
    USBD_IRQHandler                          0x1004020f   Thumb Code     0  startup_m2351.o(.text)
    USBH_IRQHandler                          0x1004020f   Thumb Code     0  startup_m2351.o(.text)
    USBOTG_IRQHandler                        0x1004020f   Thumb Code     0  startup_m2351.o(.text)
    USCI0_IRQHandler                         0x1004020f   Thumb Code     0  startup_m2351.o(.text)
    USCI1_IRQHandler                         0x1004020f   Thumb Code     0  startup_m2351.o(.text)
    WDT_IRQHandler                           0x1004020f   Thumb Code     0  startup_m2351.o(.text)
    WWDT_IRQHandler                          0x1004020f   Thumb Code     0  startup_m2351.o(.text)
    SH_DoCommand                             0x10040211   Thumb Code    10  startup_m2351.o(.text)
    __PC                                     0x1004021b   Thumb Code     6  startup_m2351.o(.text)
    __aeabi_memcpy                           0x10040231   Thumb Code    36  memcpya.o(.text)
    __aeabi_memcpy4                          0x10040231   Thumb Code     0  memcpya.o(.text)
    __aeabi_memcpy8                          0x10040231   Thumb Code     0  memcpya.o(.text)
    __aeabi_memset                           0x10040255   Thumb Code    14  memseta.o(.text)
    __aeabi_memset4                          0x10040255   Thumb Code     0  memseta.o(.text)
    __aeabi_memset8                          0x10040255   Thumb Code     0  memseta.o(.text)
    __aeabi_memclr                           0x10040263   Thumb Code     4  memseta.o(.text)
    __aeabi_memclr4                          0x10040263   Thumb Code     0  memseta.o(.text)
    __aeabi_memclr8                          0x10040263   Thumb Code     0  memseta.o(.text)
    _memset$wrapper                          0x10040267   Thumb Code    18  memseta.o(.text)
    __aeabi_uidiv                            0x10040279   Thumb Code     0  uidiv.o(.text)
    __aeabi_uidivmod                         0x10040279   Thumb Code    44  uidiv.o(.text)
    __aeabi_uldivmod                         0x100402a5   Thumb Code    96  uldiv.o(.text)
    __I$use$fp                               0x10040305   Thumb Code     0  iusefp.o(.text)
    __aeabi_dadd                             0x10040305   Thumb Code   328  dadd.o(.text)
    __aeabi_dsub                             0x1004044d   Thumb Code    12  dadd.o(.text)
    __aeabi_drsub                            0x10040459   Thumb Code    12  dadd.o(.text)
    __aeabi_dmul                             0x10040469   Thumb Code   202  dmul.o(.text)
    __aeabi_ddiv                             0x10040539   Thumb Code   234  ddiv.o(.text)
    __aeabi_d2ulz                            0x10040629   Thumb Code    54  dfixul.o(.text)
    __aeabi_cdrcmple                         0x10040669   Thumb Code    38  cdrcmple.o(.text)
    __scatterload                            0x10040691   Thumb Code    28  init.o(.text)
    __scatterload_rt2                        0x10040691   Thumb Code     0  init.o(.text)
    __aeabi_llsl                             0x100406b5   Thumb Code    32  llshl.o(.text)
    _ll_shift_l                              0x100406b5   Thumb Code     0  llshl.o(.text)
    __aeabi_llsr                             0x100406d5   Thumb Code    34  llushr.o(.text)
    _ll_ushift_r                             0x100406d5   Thumb Code     0  llushr.o(.text)
    __aeabi_lasr                             0x100406f7   Thumb Code    38  llsshr.o(.text)
    _ll_sshift_r                             0x100406f7   Thumb Code     0  llsshr.o(.text)
    _double_round                            0x1004071d   Thumb Code    26  depilogue.o(.text)
    _double_epilogue                         0x10040737   Thumb Code   164  depilogue.o(.text)
    ProcessHardFault                         0x100407db   Thumb Code    84  retarget.o(.text.ProcessHardFault)
    SH_Return                                0x1004082f   Thumb Code    28  retarget.o(.text.SH_Return)
    SendChar                                 0x1004084b   Thumb Code    20  retarget.o(.text.SendChar)
    SendChar_ToUART                          0x10040861   Thumb Code    76  retarget.o(.text.SendChar_ToUART)
    SystemInit                               0x100408ad   Thumb Code    16  system_m2351.o(.text.SystemInit)
    dump_hex                                 0x100408bd   Thumb Code    76  main_ns.o(.text.dump_hex)
    fputc                                    0x10040905   Thumb Code    28  retarget.o(.text.fputc)
    main                                     0x10040921   Thumb Code  1004  main_ns.o(.text.main)
    Long Thumb to Thumb Veneer to crypto_hash_call 0x10040d0d   Thumb Code    12  anon$$obj.o(Veneer$$Code)
    Long Thumb to Thumb Veneer to crypto_symmetric_call 0x10040d19   Thumb Code    12  anon$$obj.o(Veneer$$Code)
    Long Thumb to Thumb Veneer to crypto_ecc_genKey_call 0x10040d25   Thumb Code    12  anon$$obj.o(Veneer$$Code)
    Long Thumb to Thumb Veneer to crypto_ecc_sign_init_call 0x10040d31   Thumb Code    12  anon$$obj.o(Veneer$$Code)
    Long Thumb to Thumb Veneer to crypto_ecc_sign_call 0x10040d3d   Thumb Code    12  anon$$obj.o(Veneer$$Code)
    Long Thumb to Thumb Veneer to crypto_ecc_verify_call 0x10040d49   Thumb Code    12  anon$$obj.o(Veneer$$Code)
    __0printf                                0x10040d55   Thumb Code    24  printfa.o(i.__0printf)
    __1printf                                0x10040d55   Thumb Code     0  printfa.o(i.__0printf)
    __2printf                                0x10040d55   Thumb Code     0  printfa.o(i.__0printf)
    __c89printf                              0x10040d55   Thumb Code     0  printfa.o(i.__0printf)
    printf                                   0x10040d55   Thumb Code     0  printfa.o(i.__0printf)
    __ARM_clz                                0x10040d75   Thumb Code    46  depilogue.o(i.__ARM_clz)
    __scatterload_copy                       0x10040da3   Thumb Code    14  handlers.o(i.__scatterload_copy)
    __scatterload_null                       0x10040db1   Thumb Code     2  handlers.o(i.__scatterload_null)
    __scatterload_zeroinit                   0x10040db3   Thumb Code    14  handlers.o(i.__scatterload_zeroinit)
    Region$$Table$$Base                      0x10041888   Number         0  anon$$obj.o(Region$$Table)
    Region$$Table$$Limit                     0x10041898   Number         0  anon$$obj.o(Region$$Table)
    __stdout                                 0x30010000   Data          84  retarget.o(.bss.__stdout)
    __initial_sp                             0x30010858   Data           0  startup_m2351.o(STACK)



==============================================================================

Memory Map of the image

  Image Entry point : 0x100401ed

  Load Region LR_1 (Base: 0x10040000, Size: 0x00001898, Max: 0xffffffff, ABSOLUTE)

    Execution Region ER_RO (Exec base: 0x10040000, Load base: 0x10040000, Size: 0x00001898, Max: 0xffffffff, ABSOLUTE)

    Exec Addr    Load Addr    Size         Type   Attr      Idx    E Section Name        Object

    0x10040000   0x10040000   0x000001d8   Data   RO           35    RESET               startup_m2351.o
    0x100401d8   0x100401d8   0x00000000   Code   RO           74  * .ARM.Collect$$$$00000000  mc_p.l(entry.o)
    0x100401d8   0x100401d8   0x00000004   Code   RO          111    .ARM.Collect$$$$00000001  mc_p.l(entry2.o)
    0x100401dc   0x100401dc   0x00000004   Code   RO          114    .ARM.Collect$$$$00000004  mc_p.l(entry5.o)
    0x100401e0   0x100401e0   0x00000000   Code   RO          116    .ARM.Collect$$$$00000008  mc_p.l(entry7b.o)
    0x100401e0   0x100401e0   0x00000000   Code   RO          118    .ARM.Collect$$$$0000000A  mc_p.l(entry8b.o)
    0x100401e0   0x100401e0   0x00000008   Code   RO          119    .ARM.Collect$$$$0000000B  mc_p.l(entry9a.o)
    0x100401e8   0x100401e8   0x00000000   Code   RO          121    .ARM.Collect$$$$0000000D  mc_p.l(entry10a.o)
    0x100401e8   0x100401e8   0x00000000   Code   RO          123    .ARM.Collect$$$$0000000F  mc_p.l(entry11a.o)
    0x100401e8   0x100401e8   0x00000004   Code   RO          112    .ARM.Collect$$$$00002712  mc_p.l(entry2.o)
    0x100401ec   0x100401ec   0x00000044   Code   RO           36  * .text               startup_m2351.o
    0x10040230   0x10040230   0x00000024   Code   RO           77    .text               mc_p.l(memcpya.o)
    0x10040254   0x10040254   0x00000024   Code   RO           79    .text               mc_p.l(memseta.o)
    0x10040278   0x10040278   0x0000002c   Code   RO          125    .text               mc_p.l(uidiv.o)
    0x100402a4   0x100402a4   0x00000060   Code   RO          127    .text               mc_p.l(uldiv.o)
    0x10040304   0x10040304   0x00000000   Code   RO          129    .text               mc_p.l(iusefp.o)
    0x10040304   0x10040304   0x00000164   Code   RO          130    .text               mf_p.l(dadd.o)
    0x10040468   0x10040468   0x000000d0   Code   RO          132    .text               mf_p.l(dmul.o)
    0x10040538   0x10040538   0x000000f0   Code   RO          134    .text               mf_p.l(ddiv.o)
    0x10040628   0x10040628   0x00000040   Code   RO          136    .text               mf_p.l(dfixul.o)
    0x10040668   0x10040668   0x00000028   Code   RO          138    .text               mf_p.l(cdrcmple.o)
    0x10040690   0x10040690   0x00000024   Code   RO          140    .text               mc_p.l(init.o)
    0x100406b4   0x100406b4   0x00000020   Code   RO          142    .text               mc_p.l(llshl.o)
    0x100406d4   0x100406d4   0x00000022   Code   RO          144    .text               mc_p.l(llushr.o)
    0x100406f6   0x100406f6   0x00000026   Code   RO          146    .text               mc_p.l(llsshr.o)
    0x1004071c   0x1004071c   0x000000be   Code   RO          148    .text               mf_p.l(depilogue.o)
    0x100407da   0x100407da   0x00000054   Code   RO           43    .text.ProcessHardFault  retarget.o
    0x1004082e   0x1004082e   0x0000001c   Code   RO           45    .text.SH_Return     retarget.o
    0x1004084a   0x1004084a   0x00000014   Code   RO           49    .text.SendChar      retarget.o
    0x1004085e   0x1004085e   0x00000002   PAD
    0x10040860   0x10040860   0x0000004c   Code   RO           47    .text.SendChar_ToUART  retarget.o
    0x100408ac   0x100408ac   0x00000010   Code   RO           20    .text.SystemInit    system_m2351.o
    0x100408bc   0x100408bc   0x00000048   Code   RO            4    .text.dump_hex      main_ns.o
    0x10040904   0x10040904   0x0000001c   Code   RO           59    .text.fputc         retarget.o
    0x10040920   0x10040920   0x000003ec   Code   RO            2    .text.main          main_ns.o
    0x10040d0c   0x10040d0c   0x0000000c   Ven    RO          160    Veneer$$Code        anon$$obj.o
    0x10040d18   0x10040d18   0x0000000c   Ven    RO          161    Veneer$$Code        anon$$obj.o
    0x10040d24   0x10040d24   0x0000000c   Ven    RO          162    Veneer$$Code        anon$$obj.o
    0x10040d30   0x10040d30   0x0000000c   Ven    RO          163    Veneer$$Code        anon$$obj.o
    0x10040d3c   0x10040d3c   0x0000000c   Ven    RO          164    Veneer$$Code        anon$$obj.o
    0x10040d48   0x10040d48   0x0000000c   Ven    RO          165    Veneer$$Code        anon$$obj.o
    0x10040d54   0x10040d54   0x00000020   Code   RO           84    i.__0printf         mc_p.l(printfa.o)
    0x10040d74   0x10040d74   0x0000002e   Code   RO          150    i.__ARM_clz         mf_p.l(depilogue.o)
    0x10040da2   0x10040da2   0x0000000e   Code   RO          154    i.__scatterload_copy  mc_p.l(handlers.o)
    0x10040db0   0x10040db0   0x00000002   Code   RO          155    i.__scatterload_null  mc_p.l(handlers.o)
    0x10040db2   0x10040db2   0x0000000e   Code   RO          156    i.__scatterload_zeroinit  mc_p.l(handlers.o)
    0x10040dc0   0x10040dc0   0x00000174   Code   RO           91    i._fp_digits        mc_p.l(printfa.o)
    0x10040f34   0x10040f34   0x000006ec   Code   RO           92    i._printf_core      mc_p.l(printfa.o)
    0x10041620   0x10041620   0x00000020   Code   RO           93    i._printf_post_padding  mc_p.l(printfa.o)
    0x10041640   0x10041640   0x0000002c   Code   RO           94    i._printf_pre_padding  mc_p.l(printfa.o)
    0x1004166c   0x1004166c   0x0000021b   Data   RO            7    .rodata.str1.1      main_ns.o
    0x10041887   0x10041887   0x00000001   PAD
    0x10041888   0x10041888   0x00000010   Data   RO          153    Region$$Table       anon$$obj.o


    Execution Region ER_RW (Exec base: 0x30010000, Load base: 0x10041898, Size: 0x00000000, Max: 0xffffffff, ABSOLUTE)

    **** No section assigned to this execution region ****


    Execution Region ER_ZI (Exec base: 0x30010000, Load base: 0x10041898, Size: 0x00000858, Max: 0xffffffff, ABSOLUTE)

    Exec Addr    Load Addr    Size         Type   Attr      Idx    E Section Name        Object

    0x30010000        -       0x00000054   Zero   RW           65    .bss.__stdout       retarget.o
    0x30010054   0x10041898   0x00000004   PAD
    0x30010058        -       0x00000800   Zero   RW           33    STACK               startup_m2351.o


==============================================================================

Image component sizes


      Code (inc. data)   RO Data    RW Data    ZI Data      Debug   Object Name

      1076        200        539          0          0       1876   main_ns.o
       236          8          0          0         84       2957   retarget.o
        68         18        472          0       2048        872   startup_m2351.o
        16          8          0          0          0       1296   system_m2351.o

    ----------------------------------------------------------------------
      1470        258       1028          0       2136       7001   Object Totals
        72         24         16          0          0          0   (incl. Generated)
         2          0          1          0          4          0   (incl. Padding)

    ----------------------------------------------------------------------

      Code (inc. data)   RO Data    RW Data    ZI Data      Debug   Library Member Name

         0          0          0          0          0          0   entry.o
         0          0          0          0          0          0   entry10a.o
         0          0          0          0          0          0   entry11a.o
         8          4          0          0          0          0   entry2.o
         4          0          0          0          0          0   entry5.o
         0          0          0          0          0          0   entry7b.o
         0          0          0          0          0          0   entry8b.o
         8          4          0          0          0          0   entry9a.o
        30          0          0          0          0          0   handlers.o
        36          8          0          0          0         68   init.o
         0          0          0          0          0          0   iusefp.o
        32          0          0          0          0         68   llshl.o
        38          0          0          0          0         68   llsshr.o
        34          0          0          0          0         68   llushr.o
        36          0          0          0          0         60   memcpya.o
        36          0          0          0          0        100   memseta.o
      2252         98          0          0          0        412   printfa.o
        44          0          0          0          0         72   uidiv.o
        96          0          0          0          0         84   uldiv.o
        40          2          0          0          0         68   cdrcmple.o
       356          4          0          0          0        140   dadd.o
       240          6          0          0          0         84   ddiv.o
       236          0          0          0          0        216   depilogue.o
        64         10          0          0          0         68   dfixul.o
       208          6          0          0          0         88   dmul.o

    ----------------------------------------------------------------------
      3798        142          0          0          0       1664   Library Totals
         0          0          0          0          0          0   (incl. Padding)

    ----------------------------------------------------------------------

      Code (inc. data)   RO Data    RW Data    ZI Data      Debug   Library Name

      2654        114          0          0          0       1000   mc_p.l
      1144         28          0          0          0        664   mf_p.l

    ----------------------------------------------------------------------
      3798        142          0          0          0       1664   Library Totals

    ----------------------------------------------------------------------

==============================================================================


      Code (inc. data)   RO Data    RW Data    ZI Data      Debug   

      5268        400       1028          0       2136       7985   Grand Totals
      5268        400       1028          0       2136       7985   ELF Image Totals
      5268        400       1028          0          0          0   ROM Totals

==============================================================================

    Total RO  Size (Code + RO Data)                 6296 (   6.15kB)
    Total RW  Size (RW Data + ZI Data)              2136 (   2.09kB)
    Total ROM Size (Code + RO Data + RW Data)       6296 (   6.15kB)

==============================================================================

