<html>
<body>
<pre>
<h1>µVision Build Log</h1>
<h2>Tool Versions:</h2>
IDE-Version: •ÏVision V5.28.0.0
Copyright (C) 2019 ARM Ltd and ARM Germany GmbH. All rights reserved.
License Information: Junyoung Jung, KungHee Univ., LIC=5QQ8S-LQ0MN-MYSP2-M8R6T-5HIEK-FI8B2
 
Tool Versions:
Toolchain:       MDK-ARM Cortex-M0/M23 for Nuvoton  Version: 5.28.0.0
Toolchain Path:  C:\Keil_v5\ARM\ARMCLANG\Bin
C Compiler:      ArmClang.exe V6.12
Assembler:       Armasm.exe V6.12
Linker/Locator:  ArmLink.exe V6.12
Library Manager: ArmAr.exe V6.12
Hex Converter:   FromElf.exe V6.12
CPU DLL:         
Dialog DLL:      
Target DLL:      NULink\Nu_Link.dll V3.00
Dialog DLL:      TCM.DLL V1.36.2.0
 
<h2>Project:</h2>
E:\KHU-TEE\¿Â∫Ò\Nuvoton\sample\M2351BSP-master\SampleCode\TrustZone\KHU-TEE2\Nonsecure\KEIL\Nonsecure.uvprojx
Project File Date:  07/06/2019

<h2>Output:</h2>
*** Using Compiler 'V6.12', folder: 'C:\Keil_v5\ARM\ARMCLANG\Bin'
Build Project 'Nonsecure' - Target 'NonSecure'
linking...
Program Size: Code=5268 RO-data=1028 RW-data=0 ZI-data=2136  
FromELF: creating hex file...
After Build - User command #1: fromelf --bin ".\Objects\NonSecure.axf" --output ".\Objects\NonSecure.bin"
After Build - User command #2: fromelf --text -c ".\Objects\NonSecure.axf" --output ".\Objects\NonSecure.txt"
".\Objects\NonSecure.axf" - 0 Error(s), 0 Warning(s).

<h2>Software Packages used:</h2>

Package Vendor: Nuvoton
                http://www.nuvoton.com/hq/enu/Documents/KEILSoftwarePack/Nuvoton.NuMicro_DFP.1.3.4.pack
                Nuvoton.NuMicro_DFP.1.3.4
                Nuvoton ARM Cortex-M NuMicro Family Device Support

<h2>Collection of Component include folders:</h2>
  .\RTE\_NonSecure
  C:\Users\MESL\AppData\Local\Arm\Packs\Nuvoton\NuMicro_DFP\1.3.4\Device\M2351\Include

<h2>Collection of Component Files used:</h2>
Build Time Elapsed:  00:00:01
</pre>
</body>
</html>
